// Jest Snapshot v1, https://goo.gl/fbAQLP

exports[`SurveyFormReview should render correctly 1`] = `
"<div>
  <h5>
    Please confirm your entries
  </h5>
  <div>
    <label>
      Campaign Title
    </label>
    <div />
  </div>
  <div>
    <label>
      Subject Line
    </label>
    <div />
  </div>
  <div>
    <label>
      Email Body
    </label>
    <div />
  </div>
  <div>
    <label>
      Recipient List
    </label>
    <div />
  </div>
  <div style={{...}}>
    <button className=\\"grey lighten-1 white-text btn-flat\\" onClick={[Function: mockConstructor]}>
      Back
    </button>
    <button onClick={[Function: onClick]} className=\\"red accent-3 btn-flat right white-text\\">
      Send Survey
      <i className=\\"material-icons right\\">
        email
      </i>
    </button>
  </div>
</div>"
`;
